../Core/Src/main.c:93:5:main	2
../Core/Src/main.c:158:6:extract_uart4_packets	12
../Core/Src/main.c:199:6:HAL_UARTEx_RxEventCallback	15
../Core/Src/main.c:269:6:SystemClock_Config	4
../Core/Src/main.c:315:13:MX_USART1_UART_Init	2
../Core/Src/main.c:350:13:MX_USART2_UART_Init	2
../Core/Src/main.c:385:13:MX_USART3_UART_Init	2
../Core/Src/main.c:420:13:MX_USART4_UART_Init	2
../Core/Src/main.c:455:13:MX_USART5_UART_Init	2
../Core/Src/main.c:490:13:MX_USART6_UART_Init	2
../Core/Src/main.c:523:13:MX_DMA_Init	1
../Core/Src/main.c:547:13:MX_GPIO_Init	1
../Core/Src/main.c:571:6:Error_Handler	1
