../Core/Src/stm32f0xx_it.c:76:6:NMI_Handler	8	static
../Core/Src/stm32f0xx_it.c:91:6:HardFault_Handler	8	static
../Core/Src/stm32f0xx_it.c:106:6:SVC_Handler	8	static
../Core/Src/stm32f0xx_it.c:119:6:PendSV_Handler	8	static
../Core/Src/stm32f0xx_it.c:132:6:SysTick_Handler	8	static
../Core/Src/stm32f0xx_it.c:153:6:DMA1_Channel1_IRQHandler	8	static
../Core/Src/stm32f0xx_it.c:167:6:DMA1_Channel2_3_IRQHandler	8	static
../Core/Src/stm32f0xx_it.c:181:6:DMA1_Channel4_5_IRQHandler	8	static
../Core/Src/stm32f0xx_it.c:195:6:USART1_IRQHandler	8	static
../Core/Src/stm32f0xx_it.c:209:6:USART3_6_IRQHandler	8	static
